// Jest Snapshot v1, https://goo.gl/fbAQLP

exports[`pruebas en <FirstApp/> debe de hacer match con el snapshot 1`] = `
<div>
  <h1>
     
    hola soy goku
     
  </h1>
  <p>
     
     
  </p>
</div>
`;
